warning: unexpected `cfg` condition value: `k8s-v1-31`
 --> build.rs:2:38
  |
2 | #[cfg(not(any(feature = "k8s-v1-30", feature = "k8s-v1-31")))]
  |                                      ^^^^^^^^^^-----------
  |                                                |
  |                                                help: there is a expected value with a similar name: `"k8s-v1-30"`
  |
  = note: expected values for `feature` are: `admission-webhook`, `axum`, `bytes`, `default`, `k8s-v1-30`, `metrics`, `once_cell`, `prometheus-client`, `reconciler-fuzz`, `rest-api`, `time`, `tokio-rustls`, `tower`, `tower-http`, `wasmtime`, and `wasmtime-wasi`
  = help: consider adding `k8s-v1-31` as a feature in `Cargo.toml`
  = note: see <https://doc.rust-lang.org/nightly/rustc/check-cfg/cargo-specifics.html> for more information about checking conditional configuration
  = note: `#[warn(unexpected_cfgs)]` on by default

warning: `stellar-k8s` (build script) generated 1 warning
    Checking stellar-k8s v0.1.0 (/Users/victor/Desktop/Stellar-K8s)
warning: unused import: `once_cell::sync::Lazy`
  --> src/byzantine/watcher.rs:25:5
   |
25 | use once_cell::sync::Lazy;
   |     ^^^^^^^^^^^^^^^^^^^^^
   |
   = note: `#[warn(unused_imports)]` (part of `#[warn(unused)]`) on by default

warning: unused import: `PostParams`
  --> src/controller/maintenance/node_drain.rs:14:41
   |
14 |     api::{Api, EvictParams, ListParams, PostParams},
   |                                         ^^^^^^^^^^

warning: variable does not need to be mutable
   --> src/controller/storage_migration.rs:346:9
    |
346 |         mut state: StorageMigrationState,
    |         ----^^^^^
    |         |
    |         help: remove this `mut`
    |
    = note: `#[warn(unused_mut)]` (part of `#[warn(unused)]`) on by default

error[E0061]: this function takes 3 arguments but 2 arguments were supplied
  --> src/controller/quorum/optimizer.rs:31:24
   |
31 |         let analyzer = QuorumAnalyzer::new(Duration::from_secs(10), 50);
   |                        ^^^^^^^^^^^^^^^^^^^----------------------------- argument #3 of type `u32` is missing
   |
note: associated function defined here
  --> src/controller/quorum/analyzer.rs:60:12
   |
60 |     pub fn new(timeout: Duration, window_size: usize, max_attempts: u32) -> Self {
   |            ^^^                                        -----------------
help: provide the argument
   |
31 |         let analyzer = QuorumAnalyzer::new(Duration::from_secs(10), 50, /* u32 */);
   |                                                                       +++++++++++

error[E0308]: mismatched types
    --> src/controller/resources.rs:2048:27
     |
2048 |                     name: "metrics".to_string(),
     |                           ^^^^^^^^^^^^^^^^^^^^^ expected `Option<String>`, found `String`
     |
     = note: expected enum `std::option::Option<std::string::String>`
              found struct `std::string::String`
help: try wrapping the expression in `Some`
     |
2048 |                     name: Some("metrics".to_string()),
     |                           +++++                     +

error[E0063]: missing field `ip_block` in initializer of `NetworkPolicyPeer`
    --> src/controller/resources.rs:3570:23
     |
3570 |         to: Some(vec![NetworkPolicyPeer {
     |                       ^^^^^^^^^^^^^^^^^ missing `ip_block`

error[E0062]: field `egress` specified more than once
    --> src/controller/resources.rs:3657:13
     |
3656 |             egress: Some(egress_rules),
     |             -------------------------- first use of `egress`
3657 |             egress: if egress_rules.is_empty() {
     |             ^^^^^^ used more than once

error[E0063]: missing field `proximity_aware` in initializer of `StellarNodeSpec`
   --> src/crd/stellar_node.rs:280:9
    |
280 |         Self {
    |         ^^^^ missing `proximity_aware`

error[E0063]: missing field `external_dns` in initializer of `LoadBalancerConfig`
    --> src/crd/types.rs:1059:9
     |
1059 |         Self {
     |         ^^^^ missing `external_dns`

error[E0308]: mismatched types
    --> src/crd/types.rs:2222:46
     |
2222 | #[derive(Clone, Debug, Default, Deserialize, Serialize, JsonSchema, PartialEq, Eq)]
     |                                              ^^^^^^^^^ expected `&Vec<_, _>`, found `&Option<Vec<CloudHealthStatus>>`
...
2236 |     #[serde(default, skip_serializing_if = "Vec::is_empty")]
     |                                            --------------- arguments to this function are incorrect
     |
     = note: expected reference `&std::vec::Vec<_, _>`
                found reference `&std::option::Option<std::vec::Vec<CloudHealthStatus, std::alloc::Global>>`
note: method defined here
    --> /Users/victor/.rustup/toolchains/stable-aarch64-apple-darwin/lib/rustlib/src/rust/library/alloc/src/vec/mod.rs:2880:18
     |
2880 |     pub const fn is_empty(&self) -> bool {
     |                  ^^^^^^^^
     = note: this error originates in the derive macro `Serialize` (in Nightly builds, run with -Z macro-backtrace for more info)

error[E0308]: mismatched types
    --> src/crd/types.rs:2222:57
     |
2222 | #[derive(Clone, Debug, Default, Deserialize, Serialize, JsonSchema, PartialEq, Eq)]
     |                                                         ^^^^^^^^^^ expected `&Vec<_, _>`, found `&Option<Vec<CloudHealthStatus>>`
...
2236 |     #[serde(default, skip_serializing_if = "Vec::is_empty")]
     |                                            --------------- arguments to this function are incorrect
     |
     = note: expected reference `&std::vec::Vec<_, _>`
                found reference `&std::option::Option<std::vec::Vec<CloudHealthStatus, std::alloc::Global>>`
note: method defined here
    --> /Users/victor/.rustup/toolchains/stable-aarch64-apple-darwin/lib/rustlib/src/rust/library/alloc/src/vec/mod.rs:2880:18
     |
2880 |     pub const fn is_empty(&self) -> bool {
     |                  ^^^^^^^^
     = note: this error originates in the derive macro `JsonSchema` (in Nightly builds, run with -Z macro-backtrace for more info)

error[E0369]: binary operation `==` cannot be applied to type `std::option::Option<std::vec::Vec<CloudHealthStatus>>`
    --> src/crd/types.rs:2237:5
     |
2222 | #[derive(Clone, Debug, Default, Deserialize, Serialize, JsonSchema, PartialEq, Eq)]
     |                                                                     --------- in this derive macro expansion
...
2237 |     pub cloud_health: Option<Vec<crate::controller::cross_cloud_failover::CloudHealthStatus>>,
     |     ^^^^^^^^^^^^^^^^^^^^^^^^^^^^^^^^^^^^^^^^^^^^^^^^^^^^^^^^^^^^^^^^^^^^^^^^^^^^^^^^^^^^^^^^^
     |
note: an implementation of `PartialEq` might be missing for `CloudHealthStatus`
    --> src/controller/cross_cloud_failover.rs:506:1
     |
 506 | pub struct CloudHealthStatus {
     | ^^^^^^^^^^^^^^^^^^^^^^^^^^^^ must implement `PartialEq`
help: consider annotating `CloudHealthStatus` with `#[derive(PartialEq)]`
    -->  src/controller/cross_cloud_failover.rs:506:1
     |
 506 + #[derive(PartialEq)]
 507 | pub struct CloudHealthStatus {
     |

error[E0277]: the trait bound `CloudHealthStatus: std::cmp::Eq` is not satisfied
    --> src/crd/types.rs:2237:5
     |
2222 | #[derive(Clone, Debug, Default, Deserialize, Serialize, JsonSchema, PartialEq, Eq)]
     |                                                                                -- in this derive macro expansion
...
2237 |     pub cloud_health: Option<Vec<crate::controller::cross_cloud_failover::CloudHealthStatus>>,
     |     ^^^^^^^^^^^^^^^^^^^^^^^^^^^^^^^^^^^^^^^^^^^^^^^^^^^^^^^^^^^^^^^^^^^^^^^^^^^^^^^^^^^^^^^^^ the trait `std::cmp::Eq` is not implemented for `CloudHealthStatus`
     |
help: the trait `std::cmp::Eq` is implemented for `std::option::Option<T>`
    --> /Users/victor/.rustup/toolchains/stable-aarch64-apple-darwin/lib/rustlib/src/rust/library/core/src/option.rs:595:16
     |
 595 | #[derive_const(Eq)]
     |                ^^
     = note: required for `std::vec::Vec<CloudHealthStatus>` to implement `std::cmp::Eq`
     = note: 1 redundant requirement hidden
     = note: required for `std::option::Option<std::vec::Vec<CloudHealthStatus>>` to implement `std::cmp::Eq`
note: required by a bound in `AssertParamIsEq`
    --> /Users/victor/.rustup/toolchains/stable-aarch64-apple-darwin/lib/rustlib/src/rust/library/core/src/cmp.rs:367:31
     |
 367 | pub struct AssertParamIsEq<T: Eq + PointeeSized> {
     |                               ^^ required by this bound in `AssertParamIsEq`
help: consider annotating `CloudHealthStatus` with `#[derive(Eq)]`
    -->  src/controller/cross_cloud_failover.rs:506:1
     |
 506 + #[derive(Eq)]
 507 | pub struct CloudHealthStatus {
     |

warning: unused variable: `node`
   --> src/controller/maintenance/node_drain.rs:114:52
    |
114 |     async fn manage_pod_migration(&self, pod: Pod, node: &Node) -> Result<()> {
    |                                                    ^^^^ help: if this is intentional, prefix it with an underscore: `_node`
    |
    = note: `#[warn(unused_variables)]` (part of `#[warn(unused)]`) on by default

warning: unused variable: `eviction`
   --> src/controller/maintenance/node_drain.rs:151:13
    |
151 |         let eviction = Eviction {
    |             ^^^^^^^^ help: if this is intentional, prefix it with an underscore: `_eviction`

warning: unused variable: `node`
    --> src/controller/resources.rs:2713:5
     |
2713 |     node: &StellarNode,
     |     ^^^^ help: if this is intentional, prefix it with an underscore: `_node`

warning: unused variable: `config`
   --> src/controller/storage_migration.rs:185:9
    |
185 |         config: &StorageMigrationConfig,
    |         ^^^^^^ help: if this is intentional, prefix it with an underscore: `_config`

warning: unused variable: `config`
   --> src/controller/storage_migration.rs:321:9
    |
321 |         config: &StorageMigrationConfig,
    |         ^^^^^^ help: if this is intentional, prefix it with an underscore: `_config`

warning: unused variable: `state`
   --> src/rest_api/health_summary.rs:263:11
    |
263 |     State(state): State<Arc<ControllerState>>,
    |           ^^^^^ help: if this is intentional, prefix it with an underscore: `_state`

error[E0308]: mismatched types
    --> src/controller/resources.rs:1625:27
     |
1625 |                     name: resource_name(node, "config"),
     |                           ^^^^^^^^^^^^^^^^^^^^^^^^^^^^^ expected `Option<String>`, found `String`
     |
     = note: expected enum `std::option::Option<std::string::String>`
              found struct `std::string::String`
help: try wrapping the expression in `Some`
     |
1625 |                     name: Some(resource_name(node, "config")),
     |                           +++++                             +

Some errors have detailed explanations: E0061, E0062, E0063, E0277, E0308, E0369.
For more information about an error, try `rustc --explain E0061`.
warning: `stellar-k8s` (lib) generated 9 warnings
error: could not compile `stellar-k8s` (lib) due to 11 previous errors; 9 warnings emitted
